[2026-04-07 07:57:09.1642] Pipeline configuration loaded 
[2026-04-07 07:57:09.208298] 01 — Building ID layer... 
[2026-04-07 07:57:26.905442] park_ids built: 348 rows 
[2026-04-07 07:57:27.086639] Retrosheet umpire file not found for season 2026. Falling back to 2025. 
[2026-04-07 07:57:27.313142] umpire_ids_retrosheet built for season 2025: 93 rows 
[2026-04-07 07:57:27.54274] league_ids built: 47 rows 
[2026-04-07 07:57:27.552552] Wrote team_ids to data/ids/team_ids.csv (30 rows) 
[2026-04-07 07:57:27.562936] Wrote league_ids to data/ids/league_ids.csv (47 rows) 
[2026-04-07 07:57:27.576481] Wrote park_ids to data/ids/park_ids.csv (348 rows) 
[2026-04-07 07:57:27.584699] Wrote umpire_ids_retrosheet to data/ids/umpire_ids_retrosheet.csv (93 rows) 
[2026-04-07 07:57:27.585549] Phase 01_ids complete: all ID tables written 
[2026-04-07 07:57:27.585916] 01 — IDs complete 
[2026-04-07 07:57:27.598723] 05 — Building offense... 
[2026-04-07 08:57:03.300257] Pipeline configuration loaded 
[2026-04-07 08:57:03.378268] 01 — Building ID layer... 
[2026-04-07 08:57:19.18948] park_ids built: 348 rows 
[2026-04-07 08:57:19.378898] Retrosheet umpire file not found for season 2026. Falling back to 2025. 
[2026-04-07 08:57:19.56825] umpire_ids_retrosheet built for season 2025: 93 rows 
[2026-04-07 08:57:19.801772] league_ids built: 47 rows 
[2026-04-07 08:57:19.817662] Wrote team_ids to data/ids/team_ids.csv (30 rows) 
[2026-04-07 08:57:19.835707] Wrote league_ids to data/ids/league_ids.csv (47 rows) 
[2026-04-07 08:57:19.85716] Wrote park_ids to data/ids/park_ids.csv (348 rows) 
[2026-04-07 08:57:19.869067] Wrote umpire_ids_retrosheet to data/ids/umpire_ids_retrosheet.csv (93 rows) 
[2026-04-07 08:57:19.871139] Phase 01_ids complete: all ID tables written 
[2026-04-07 08:57:19.872207] 01 — IDs complete 
[2026-04-07 08:57:19.888572] 05 — Building offense... 
[2026-04-07 08:58:05.96389] 05 — offense complete 
[2026-04-07 08:58:05.964551] 05 — Building pitching... 
[2026-04-07 08:59:08.006529] 05 — pitching complete 
[2026-04-07 08:59:47.151279] 05 — performance complete 
[2026-04-07 08:59:47.803143] Base cache saved — 23 objects, 4.3 MB 
[2026-04-07 08:59:47.80426] Base pipeline complete — run run_pipeline_daily.R to build today's games 
[2026-04-07 09:04:51.799932] Pipeline configuration loaded 
[2026-04-07 09:04:51.810059] Loading base cache (4.3 MB, 0 days old)... 
[2026-04-07 09:04:51.958681] Base cache loaded 
[2026-04-07 09:04:51.95919] 05 — Refreshing season stats (MLB API + FanGraphs)... 
[2026-04-07 09:06:02.864616] 05 — stats refresh complete 
[2026-04-07 09:06:02.866132] 03 — Refreshing rosters... 
[2026-04-07 09:06:48.748673] 03 — rosters complete 
[2026-04-07 09:06:48.750216] 04 — Building game context... 
[2026-04-07 09:07:16.360682] 04 — game context complete 
[2026-04-07 09:07:16.361596] 06 — Building player context... 
[2026-04-07 09:08:04.206926] 06 — player context complete 
[2026-04-07 09:08:04.208005] 07 — Building bullpen context... 
[2026-04-07 09:09:07.438599] 07 — bullpen context complete 
[2026-04-07 09:09:07.439547] 08 — Building game model... 
[2026-04-07 09:09:07.889807] 08 — game model complete 
[2026-04-07 09:09:08.435201] Pipeline cache saved — 25 objects | 3.3 MB 
[2026-04-07 09:09:08.435867] Daily pipeline complete 
[2026-04-07 09:39:59.635503] Pipeline configuration loaded 
[2026-04-07 09:39:59.658374] Loading base cache (4.3 MB, 0 days old)... 
[2026-04-07 09:40:00.167972] Base cache loaded 
[2026-04-07 09:40:00.169593] 05 — Refreshing season stats (MLB API + FanGraphs)... 
[2026-04-07 09:40:47.162797] 05 — stats refresh complete 
[2026-04-07 09:40:47.164896] 03 — Refreshing rosters... 
[2026-04-07 09:40:52.600506] 03 — rosters complete 
[2026-04-07 09:40:52.601149] 04 — Building game context... 
[2026-04-07 09:41:19.693237] 04 — game context complete 
[2026-04-07 09:41:19.693981] 06 — Building player context... 
[2026-04-07 09:41:19.889568] 06 — player context complete 
[2026-04-07 09:41:19.890092] 07 — Building bullpen context... 
[2026-04-07 09:42:22.703665] 07 — bullpen context complete 
[2026-04-07 09:42:22.704927] 08 — Building game model... 
[2026-04-07 09:42:23.082209] 08 — game model complete 
[2026-04-07 09:42:23.443596] Pipeline cache saved — 26 objects | 1.5 MB 
[2026-04-07 09:42:23.444272] Daily pipeline complete 
[2026-04-07 10:10:08.874214] Pipeline configuration loaded 
[2026-04-07 10:10:08.8932] 01 — Building ID layer... 
[2026-04-07 10:10:22.176572] park_ids built: 348 rows 
[2026-04-07 10:10:22.401981] Retrosheet umpire file not found for season 2026. Falling back to 2025. 
[2026-04-07 10:10:22.665336] umpire_ids_retrosheet built for season 2025: 93 rows 
[2026-04-07 10:10:22.917819] league_ids built: 47 rows 
[2026-04-07 10:10:22.929287] Wrote team_ids to data/ids/team_ids.csv (30 rows) 
[2026-04-07 10:10:22.946145] Wrote league_ids to data/ids/league_ids.csv (47 rows) 
[2026-04-07 10:10:22.962783] Wrote park_ids to data/ids/park_ids.csv (348 rows) 
[2026-04-07 10:10:22.975513] Wrote umpire_ids_retrosheet to data/ids/umpire_ids_retrosheet.csv (93 rows) 
[2026-04-07 10:10:22.97678] Phase 01_ids complete: all ID tables written 
[2026-04-07 10:10:22.977264] 01 — IDs complete 
[2026-04-07 10:10:22.993092] 05 — Building offense... 
[2026-04-07 10:10:54.153133] 05 — offense complete 
[2026-04-07 10:10:54.154616] 05 — Building pitching... 
[2026-04-07 10:11:41.450298] 05 — pitching complete 
[2026-04-07 10:12:05.244634] 05 — performance complete 
[2026-04-07 10:12:05.547477] Base cache saved — 23 objects, 1.5 MB 
[2026-04-07 10:12:05.548135] Base pipeline complete — run run_pipeline_daily.R to build today's games 
[2026-04-07 10:12:05.616009] Pipeline configuration loaded 
[2026-04-07 10:12:05.622266] Loading base cache (1.5 MB, 0 days old)... 
[2026-04-07 10:12:05.736363] Base cache loaded 
[2026-04-07 10:12:05.737314] 05 — Refreshing season stats (MLB API + FanGraphs)... 
[2026-04-07 10:12:42.478931] 05 — stats refresh complete 
[2026-04-07 10:12:42.480128] 03 — Refreshing rosters... 
[2026-04-07 10:13:28.891286] 03 — rosters complete 
[2026-04-07 10:13:28.892383] 04 — Building game context... 
[2026-04-07 10:13:55.762367] 04 — game context complete 
[2026-04-07 10:13:55.763151] 06 — Building player context... 
[2026-04-07 10:13:55.917604] 06 — player context complete 
[2026-04-07 10:13:55.918136] 07 — Building bullpen context... 
[2026-04-07 10:14:56.359513] 07 — bullpen context complete 
[2026-04-07 10:14:56.360575] 08 — Building game model... 
[2026-04-07 10:14:56.702224] 08 — game model complete 
[2026-04-07 10:14:57.007424] Pipeline cache saved — 26 objects | 1.4 MB 
[2026-04-07 10:14:57.008202] Daily pipeline complete 
[2026-04-07 13:23:09.410734] Pipeline configuration loaded 
[2026-04-07 13:23:09.512939] Loading base cache (1.5 MB, 0 days old)... 
[2026-04-07 13:23:09.773553] Base cache loaded 
[2026-04-07 13:23:09.774383] 05 — Refreshing season stats (MLB API + FanGraphs)... 
[2026-04-07 13:23:47.899398] 05 — stats refresh complete 
[2026-04-07 13:23:47.900195] 03 — Refreshing rosters... 
[2026-04-07 13:24:35.880635] 03 — rosters complete 
[2026-04-07 13:24:35.881289] 04 — Building game context... 
[2026-04-07 13:25:02.649076] 04 — game context complete 
[2026-04-07 13:25:02.649723] 06 — Building player context... 
[2026-04-07 13:25:02.802338] 06 — player context complete 
[2026-04-07 13:25:02.802857] 07 — Building bullpen context... 
[2026-04-07 13:26:00.976299] 07 — bullpen context complete 
[2026-04-07 13:26:00.977331] 08 — Building game model... 
[2026-04-07 13:26:01.347148] 08 — game model complete 
[2026-04-07 13:26:01.719338] Pipeline cache saved — 26 objects | 1.4 MB 
[2026-04-07 13:26:01.72002] Daily pipeline complete 
[2026-04-07 17:56:16.724345] Pipeline configuration loaded 
[2026-04-07 17:56:16.764914] Loading base cache (1.5 MB, 0 days old)... 
[2026-04-07 17:56:17.019074] Base cache loaded 
[2026-04-07 17:56:17.02007] 05 — Refreshing season stats (MLB API + FanGraphs)... 
[2026-04-07 17:56:42.836428] 05 — stats refresh complete 
[2026-04-07 17:56:42.837414] 03 — Refreshing rosters... 
[2026-04-07 17:57:27.921148] 03 — rosters complete 
[2026-04-07 17:57:27.923412] 04 — Building game context... 
[2026-04-07 17:58:03.598157] 04 — game context complete 
[2026-04-07 17:58:03.598838] 06 — Building player context... 
[2026-04-07 17:58:03.773048] 06 — player context complete 
[2026-04-07 17:58:03.77358] 07 — Building bullpen context... 
[2026-04-07 17:59:08.612337] 07 — bullpen context complete 
[2026-04-07 17:59:08.613421] 08 — Building game model... 
[2026-04-07 17:59:08.911978] 08 — game model complete 
[2026-04-07 17:59:09.226091] Pipeline cache saved — 26 objects | 1.4 MB 
[2026-04-07 17:59:09.226743] Daily pipeline complete 
