[2026-04-08 10:28:41.63684] Pipeline configuration loaded 
[2026-04-08 10:28:41.652633] Loading base cache (1.5 MB, 1 days old)... 
[2026-04-08 10:28:41.799831] Base cache loaded 
[2026-04-08 10:28:41.800708] 05 — Refreshing season stats (MLB API + FanGraphs)... 
[2026-04-08 10:29:04.846963] 05 — stats refresh complete 
[2026-04-08 10:29:04.847721] 03 — Refreshing rosters... 
[2026-04-08 10:29:54.223393] 03 — rosters complete 
[2026-04-08 10:29:54.224083] 04 — Building game context... 
[2026-04-08 10:30:27.644956] 04 — game context complete 
[2026-04-08 10:30:27.645716] 06 — Building player context... 
[2026-04-08 10:30:27.794245] 06 — player context complete 
[2026-04-08 10:30:27.794775] 07 — Building bullpen context... 
[2026-04-08 10:31:22.773666] 07 — bullpen context complete 
[2026-04-08 10:31:22.774387] 08 — Building game model... 
[2026-04-08 10:31:23.075525] 08 — game model complete 
[2026-04-08 10:31:23.390728] Pipeline cache saved — 26 objects | 1.4 MB 
[2026-04-08 10:31:23.391607] Daily pipeline complete 
[2026-04-08 10:58:34.119294] Pipeline configuration loaded 
[2026-04-08 10:58:34.127038] Loading base cache (1.5 MB, 1 days old)... 
[2026-04-08 10:58:34.221304] Base cache loaded 
[2026-04-08 10:58:34.222407] 05 — Refreshing season stats (MLB API + FanGraphs)... 
[2026-04-08 10:58:50.896862] 05 — stats refresh complete 
[2026-04-08 10:58:50.897573] 03 — Refreshing rosters... 
[2026-04-08 10:58:55.46311] 03 — rosters complete 
[2026-04-08 10:58:55.463734] 04 — Building game context... 
[2026-04-08 10:59:09.878439] 04 — game context complete 
[2026-04-08 10:59:09.879179] 06 — Building player context... 
[2026-04-08 10:59:10.027844] 06 — player context complete 
[2026-04-08 10:59:10.02855] 07 — Building bullpen context... 
[2026-04-08 11:00:06.350641] 07 — bullpen context complete 
[2026-04-08 11:00:06.351547] 08 — Building game model... 
[2026-04-08 11:00:06.674428] 08 — game model complete 
[2026-04-08 11:00:06.983278] Pipeline cache saved — 26 objects | 1.4 MB 
[2026-04-08 11:00:06.984066] Daily pipeline complete 
[2026-04-08 16:18:27.426448] Pipeline configuration loaded 
[2026-04-08 16:18:27.441747] Loading base cache (1.5 MB, 1 days old)... 
[2026-04-08 16:18:27.538813] Base cache loaded 
[2026-04-08 16:18:27.539351] 05 — Refreshing season stats (MLB API + FanGraphs)... 
[2026-04-08 16:19:58.159406] 05 — stats refresh complete 
[2026-04-08 16:19:58.16105] 03 — Refreshing rosters... 
[2026-04-08 16:20:45.981393] 03 — rosters complete 
[2026-04-08 16:20:45.983048] 04 — Building game context... 
[2026-04-08 16:21:04.666427] 04 — game context complete 
[2026-04-08 16:21:04.667246] 06 — Building player context... 
[2026-04-08 16:22:40.742357] 06 — player context complete 
[2026-04-08 16:22:40.743968] 07 — Building bullpen context... 
[2026-04-08 16:23:40.206154] 07 — bullpen context complete 
[2026-04-08 16:23:40.207549] 08 — Building game model... 
[2026-04-08 16:23:40.576283] 08 — game model complete 
[2026-04-08 16:23:41.087083] Pipeline cache saved — 26 objects | 3.3 MB 
[2026-04-08 16:23:41.087918] Daily pipeline complete 
[2026-04-08 18:22:06.729829] Pipeline configuration loaded 
[2026-04-08 18:22:06.736973] Loading base cache (1.5 MB, 1 days old)... 
[2026-04-08 18:22:06.824363] Base cache loaded 
[2026-04-08 18:22:06.824941] 05 — Refreshing season stats (MLB API + FanGraphs)... 
[2026-04-08 18:23:23.633509] 05 — stats refresh complete 
[2026-04-08 18:23:23.635202] 03 — Refreshing rosters... 
[2026-04-08 18:24:09.920806] 03 — rosters complete 
[2026-04-08 18:24:09.922326] 04 — Building game context... 
[2026-04-08 18:24:31.076166] 04 — game context complete 
[2026-04-08 18:24:31.076999] 06 — Building player context... 
[2026-04-08 18:25:20.875947] 06 — player context complete 
[2026-04-08 18:25:20.876573] 07 — Building bullpen context... 
[2026-04-08 18:26:18.597177] 07 — bullpen context complete 
[2026-04-08 18:26:18.597889] 08 — Building game model... 
[2026-04-08 18:26:18.951388] 08 — game model complete 
[2026-04-08 18:26:19.437769] Pipeline cache saved — 26 objects | 3.3 MB 
[2026-04-08 18:26:19.438429] Daily pipeline complete 
