[2026-04-13 08:53:16.154917] Pipeline configuration loaded 
[2026-04-13 08:53:16.167912] Loading base cache (4.1 MB, 4 days old)... 
[2026-04-13 08:53:16.505925] Base cache loaded 
[2026-04-13 08:53:16.507304] 05 — Refreshing season stats (MLB API + FanGraphs)... 
[2026-04-13 08:54:22.552433] 05 — stats refresh complete 
[2026-04-13 08:54:22.553294] 03 — Refreshing rosters... 
[2026-04-13 09:18:27.641139] Pipeline configuration loaded 
[2026-04-13 09:18:27.650806] Loading base cache (4.1 MB, 4 days old)... 
[2026-04-13 09:18:27.777075] Base cache loaded 
[2026-04-13 09:18:27.777683] 05 — Refreshing season stats (MLB API + FanGraphs)... 
[2026-04-13 09:19:22.173981] 05 — stats refresh complete 
[2026-04-13 09:19:22.17461] 03 — Refreshing rosters... 
[2026-04-13 09:19:27.555408] 03 — rosters complete 
[2026-04-13 09:19:27.556148] 04 — Building game context... 
[2026-04-13 09:19:42.351531] 04 — game context complete 
[2026-04-13 09:19:42.352216] 06 — Building player context... 
[2026-04-13 09:20:52.18556] 06 — player context complete 
[2026-04-13 09:20:52.186259] 07 — Building bullpen context... 
[2026-04-13 09:21:44.951329] 07 — bullpen context complete 
[2026-04-13 09:21:44.952024] 08 — Building game model... 
[2026-04-13 09:21:45.309088] 08 — game model complete 
[2026-04-13 09:21:45.84725] Pipeline cache saved — 28 objects | 3.6 MB 
[2026-04-13 09:21:45.847893] Daily pipeline complete 
[2026-04-13 13:21:31.669633] Pipeline configuration loaded 
[2026-04-13 13:21:31.692086] Loading base cache (4.1 MB, 4 days old)... 
[2026-04-13 13:21:31.933222] Base cache loaded 
[2026-04-13 13:21:31.934318] 05 — Refreshing season stats (MLB API + FanGraphs)... 
[2026-04-13 13:22:33.211496] 05 — stats refresh complete 
[2026-04-13 13:22:33.213024] 03 — Refreshing rosters... 
[2026-04-13 13:23:18.528615] 03 — rosters complete 
[2026-04-13 13:23:18.529274] 04 — Building game context... 
[2026-04-13 13:33:22.268977] Pipeline configuration loaded 
[2026-04-13 13:33:22.277969] Loading base cache (4.1 MB, 4 days old)... 
[2026-04-13 13:33:22.399341] Base cache loaded 
[2026-04-13 13:33:22.399921] 05 — Refreshing season stats (MLB API + FanGraphs)... 
[2026-04-13 13:34:19.116899] 05 — stats refresh complete 
[2026-04-13 13:34:19.117588] 03 — Refreshing rosters... 
[2026-04-13 13:34:24.295611] 03 — rosters complete 
[2026-04-13 13:34:24.296484] 04 — Building game context... 
[2026-04-13 13:34:37.804468] 04 — game context complete 
[2026-04-13 13:34:37.8052] 06 — Building player context... 
[2026-04-13 13:35:27.023203] 06 — player context complete 
[2026-04-13 13:35:27.024324] 07 — Building bullpen context... 
[2026-04-13 13:36:40.772118] 07 — bullpen context complete 
[2026-04-13 13:36:40.773196] 08 — Building game model... 
[2026-04-13 13:36:41.221292] 08 — game model complete 
[2026-04-13 13:36:41.808722] Pipeline cache saved — 28 objects | 3.6 MB 
[2026-04-13 13:36:41.809353] Daily pipeline complete 
[2026-04-13 13:59:08.622503] Pipeline configuration loaded 
[2026-04-13 13:59:08.641184] Loading base cache (4.1 MB, 4 days old)... 
[2026-04-13 13:59:08.779899] Base cache loaded 
[2026-04-13 13:59:08.780704] 05 — Refreshing season stats (MLB API + FanGraphs)... 
[2026-04-13 14:00:08.403244] 05 — stats refresh complete 
[2026-04-13 14:00:08.40476] 03 — Refreshing rosters... 
[2026-04-13 14:00:13.264933] 03 — rosters complete 
[2026-04-13 14:00:13.265599] 04 — Building game context... 
[2026-04-13 14:00:20.040532] 04 — game context complete 
[2026-04-13 14:00:20.043625] 06 — Building player context... 
[2026-04-13 14:01:21.811153] 06 — player context complete 
[2026-04-13 14:01:21.811846] 07 — Building bullpen context... 
[2026-04-13 14:01:34.877547] 07 — bullpen context complete 
[2026-04-13 14:01:34.878223] 08 — Building game model... 
[2026-04-13 14:01:35.184195] 08 — game model complete 
[2026-04-13 14:01:35.749586] Pipeline cache saved — 28 objects | 3.5 MB 
[2026-04-13 14:01:35.750935] Daily pipeline complete 
[2026-04-13 14:50:46.514607] Pipeline configuration loaded 
[2026-04-13 14:50:46.526539] Loading base cache (4.1 MB, 4 days old)... 
[2026-04-13 14:50:46.677127] Base cache loaded 
[2026-04-13 14:50:46.677756] 05 — Refreshing season stats (MLB API + FanGraphs)... 
[2026-04-13 14:51:49.834995] 05 — stats refresh complete 
[2026-04-13 14:51:49.836466] 03 — Refreshing rosters... 
[2026-04-13 14:52:34.646764] 03 — rosters complete 
[2026-04-13 14:52:34.648652] 04 — Building game context... 
[2026-04-13 14:52:54.317051] 04 — game context complete 
[2026-04-13 14:52:54.318679] 06 — Building player context... 
[2026-04-13 14:53:55.203865] 06 — player context complete 
[2026-04-13 14:53:55.205001] 07 — Building bullpen context... 
[2026-04-13 14:55:04.226371] 07 — bullpen context complete 
[2026-04-13 14:55:04.227587] 08 — Building game model... 
[2026-04-13 14:56:52.752115] Pipeline configuration loaded 
[2026-04-13 14:56:52.756738] Loading base cache (4.1 MB, 4 days old)... 
[2026-04-13 14:56:52.872951] Base cache loaded 
[2026-04-13 14:56:52.873507] 05 — Refreshing season stats (MLB API + FanGraphs)... 
[2026-04-13 14:58:15.159239] 05 — stats refresh complete 
[2026-04-13 14:58:15.160301] 03 — Refreshing rosters... 
[2026-04-13 14:58:21.574986] 03 — rosters complete 
[2026-04-13 14:58:21.575687] 04 — Building game context... 
[2026-04-13 14:58:37.031884] 04 — game context complete 
[2026-04-13 14:58:37.032655] 06 — Building player context... 
[2026-04-13 15:05:47.23487] 06 — player context complete 
[2026-04-13 15:05:47.235977] 07 — Building bullpen context... 
[2026-04-13 15:06:48.842608] 07 — bullpen context complete 
[2026-04-13 15:06:48.843315] 08 — Building game model... 
[2026-04-13 15:06:49.949829] 08 — game model complete 
[2026-04-13 15:06:50.483583] Pipeline cache saved — 28 objects | 3.5 MB 
[2026-04-13 15:06:50.484295] Daily pipeline complete 
[2026-04-13 15:29:48.550386] Pipeline configuration loaded 
[2026-04-13 15:29:48.560814] Loading base cache (4.1 MB, 4 days old)... 
[2026-04-13 15:29:48.690591] Base cache loaded 
[2026-04-13 15:29:48.691165] 05 — Refreshing season stats (MLB API + FanGraphs)... 
[2026-04-13 15:31:05.290908] 05 — stats refresh complete 
[2026-04-13 15:31:05.29254] 03 — Refreshing rosters... 
[2026-04-13 15:31:11.087644] 03 — rosters complete 
[2026-04-13 15:31:11.088369] 04 — Building game context... 
[2026-04-13 15:31:25.243054] 04 — game context complete 
[2026-04-13 15:31:25.243757] 06 — Building player context... 
[2026-04-13 15:32:34.673643] 06 — player context complete 
[2026-04-13 15:32:34.674381] 07 — Building bullpen context... 
[2026-04-13 15:33:45.757023] 07 — bullpen context complete 
[2026-04-13 15:33:45.758084] 08 — Building game model... 
[2026-04-13 15:33:47.003597] 08 — game model complete 
[2026-04-13 15:33:47.537976] Pipeline cache saved — 28 objects | 3.6 MB 
[2026-04-13 15:33:47.538608] Daily pipeline complete 
