[2026-04-03 10:59:40.662167] Pipeline configuration loaded 
[2026-04-03 10:59:40.690584] 01 — Building ID layer... 
[2026-04-03 11:00:23.283909] park_ids built: 348 rows 
[2026-04-03 11:00:23.477357] Retrosheet umpire file not found for season 2026. Falling back to 2025. 
[2026-04-03 11:00:23.675876] umpire_ids_retrosheet built for season 2025: 93 rows 
[2026-04-03 11:00:23.886364] league_ids built: 47 rows 
[2026-04-03 11:00:23.896996] Wrote team_ids to data/ids/team_ids.csv (30 rows) 
[2026-04-03 11:00:23.908233] Wrote league_ids to data/ids/league_ids.csv (47 rows) 
[2026-04-03 11:00:23.924042] Wrote park_ids to data/ids/park_ids.csv (348 rows) 
[2026-04-03 11:00:23.931967] Wrote umpire_ids_retrosheet to data/ids/umpire_ids_retrosheet.csv (93 rows) 
[2026-04-03 11:00:23.93277] Phase 01_ids complete: all ID tables written 
[2026-04-03 11:00:23.943656] 03 — Building season roster universe... 
[2026-04-03 11:01:16.079031] 03 — rosters complete 
[2026-04-03 11:01:16.08005] 04 — Building schedule context... 
[2026-04-03 11:02:02.044115] 04 — game context complete 
[2026-04-03 11:02:02.044827] 05 — Building offense... 
[2026-04-03 11:02:49.624187] 05 — offense complete 
[2026-04-03 11:02:49.625317] 05 — Building pitching... 
[2026-04-03 11:03:51.604939] 05 — pitching complete 
[2026-04-03 11:04:32.587767] 05 — performance complete 
[2026-04-03 11:04:32.589186] 06 — Building player context... 
[2026-04-03 11:05:23.337282] 06 — player context complete 
[2026-04-03 11:05:23.337862] 07 — Building bullpen context... 
[2026-04-03 11:06:02.448979] Pipeline configuration loaded 
[2026-04-03 11:06:02.453342] 01 — Building ID layer... 
[2026-04-03 11:06:19.420189] park_ids built: 348 rows 
[2026-04-03 11:06:19.540327] Retrosheet umpire file not found for season 2026. Falling back to 2025. 
[2026-04-03 11:06:19.715176] umpire_ids_retrosheet built for season 2025: 93 rows 
[2026-04-03 11:06:20.057718] league_ids built: 47 rows 
[2026-04-03 11:06:20.068322] Wrote team_ids to data/ids/team_ids.csv (30 rows) 
[2026-04-03 11:06:20.083947] Wrote league_ids to data/ids/league_ids.csv (47 rows) 
[2026-04-03 11:06:20.097909] Wrote park_ids to data/ids/park_ids.csv (348 rows) 
[2026-04-03 11:06:20.112156] Wrote umpire_ids_retrosheet to data/ids/umpire_ids_retrosheet.csv (93 rows) 
[2026-04-03 11:06:20.113121] Phase 01_ids complete: all ID tables written 
[2026-04-03 11:06:20.113523] 01 — IDs complete 
[2026-04-03 11:06:20.125091] 05 — Building offense... 
[2026-04-03 11:06:52.051907] 05 — offense complete 
[2026-04-03 11:06:52.052611] 05 — Building pitching... 
[2026-04-03 11:07:40.749214] 05 — pitching complete 
[2026-04-03 11:08:05.319474] 05 — performance complete 
[2026-04-03 11:08:05.904466] Base cache saved — 21 objects, 3.8 MB 
[2026-04-03 11:08:05.907045] Base pipeline complete — run run_pipeline_daily.R to build today's games 
[2026-04-03 11:08:05.968875] Pipeline configuration loaded 
[2026-04-03 11:08:05.97548] Loading base cache (3.8 MB, 0 days old)... 
[2026-04-03 11:08:06.097683] Base cache loaded 
[2026-04-03 11:08:06.098284] 05 — Refreshing season stats (MLB API + FanGraphs)... 
[2026-04-03 11:09:01.57818] 05 — stats refresh complete 
[2026-04-03 11:09:01.579849] 03 — Refreshing rosters... 
[2026-04-03 11:09:06.575032] 03 — rosters complete 
[2026-04-03 11:09:06.575709] 04 — Building game context... 
[2026-04-03 11:09:32.482288] 04 — game context complete 
[2026-04-03 11:09:32.483002] 06 — Building player context... 
[2026-04-03 11:10:27.255157] 06 — player context complete 
[2026-04-03 11:10:27.256301] 07 — Building bullpen context... 
[2026-04-03 16:45:17.200514] Pipeline configuration loaded 
[2026-04-03 16:45:17.225307] Loading base cache (3.8 MB, 0 days old)... 
[2026-04-03 16:45:17.509565] Base cache loaded 
[2026-04-03 16:45:17.511506] 05 — Refreshing season stats (MLB API + FanGraphs)... 
[2026-04-03 16:46:31.97184] 05 — stats refresh complete 
[2026-04-03 16:46:31.97335] 03 — Refreshing rosters... 
[2026-04-03 16:47:17.129496] 03 — rosters complete 
[2026-04-03 16:47:17.131206] 04 — Building game context... 
[2026-04-03 16:47:38.567902] 04 — game context complete 
[2026-04-03 16:47:38.568621] 06 — Building player context... 
[2026-04-03 16:48:22.754928] 06 — player context complete 
[2026-04-03 16:48:22.75558] 07 — Building bullpen context... 
[2026-04-03 16:49:40.892201] 07 — bullpen context complete 
[2026-04-03 16:49:40.893375] 08 — Building game model... 
[2026-04-03 16:49:41.30733] 08 — game model complete 
[2026-04-03 16:49:41.979077] Pipeline cache saved — 24 objects | 3.1 MB 
[2026-04-03 16:49:41.980173] Daily pipeline complete 
