[2026-04-14 11:26:29.942272] Pipeline configuration loaded 
[2026-04-14 11:26:29.966662] Loading base cache (4.1 MB, 5 days old)... 
[2026-04-14 11:26:30.272987] Base cache loaded 
[2026-04-14 11:26:30.274373] 05 — Refreshing season stats (MLB API + FanGraphs)... 
[2026-04-14 11:40:52.071266] Pipeline configuration loaded 
[2026-04-14 11:40:52.080495] Loading base cache (4.1 MB, 5 days old)... 
[2026-04-14 11:40:52.272683] Base cache loaded 
[2026-04-14 11:40:52.273433] 05 — Refreshing season stats (MLB API + FanGraphs)... 
[2026-04-14 11:42:11.711257] 05 — stats refresh complete 
[2026-04-14 11:42:11.712782] 03 — Refreshing rosters... 
[2026-04-14 11:42:59.819164] 03 — rosters complete 
[2026-04-14 11:42:59.820874] 04 — Building game context... 
[2026-04-14 11:43:20.737412] 04 — game context complete 
[2026-04-14 11:43:20.7383] 06 — Building player context... 
[2026-04-14 11:44:29.096898] 06 — player context complete 
[2026-04-14 11:44:29.097631] 07 — Building bullpen context... 
[2026-04-14 11:46:07.350295] 07 — bullpen context complete 
[2026-04-14 11:46:07.350955] 08 — Building game model... 
[2026-04-14 11:46:09.867085] 08 — game model complete 
[2026-04-14 11:46:10.448286] Pipeline cache saved — 28 objects | 3.7 MB 
[2026-04-14 11:46:10.448973] Daily pipeline complete 
