[2026-04-10 08:35:52.584002] Pipeline configuration loaded 
[2026-04-10 08:35:52.592599] Loading base cache (4.1 MB, 1 days old)... 
[2026-04-10 08:35:52.805354] Base cache loaded 
[2026-04-10 08:35:52.806293] 05 — Refreshing season stats (MLB API + FanGraphs)... 
[2026-04-10 08:37:09.674974] 05 — stats refresh complete 
[2026-04-10 08:37:09.676376] 03 — Refreshing rosters... 
[2026-04-10 08:37:25.812765] 03 — rosters complete 
[2026-04-10 08:37:25.813679] 04 — Building game context... 
[2026-04-10 08:37:44.075239] 04 — game context complete 
[2026-04-10 08:37:44.076362] 06 — Building player context... 
[2026-04-10 08:38:36.805255] 06 — player context complete 
[2026-04-10 08:38:36.806358] 07 — Building bullpen context... 
[2026-04-10 08:39:31.259032] 07 — bullpen context complete 
[2026-04-10 08:39:31.260038] 08 — Building game model... 
[2026-04-10 08:39:31.673544] 08 — game model complete 
[2026-04-10 08:39:32.200029] Pipeline cache saved — 27 objects | 3.5 MB 
[2026-04-10 08:39:32.200661] Daily pipeline complete 
[2026-04-10 09:33:58.542322] Pipeline configuration loaded 
[2026-04-10 09:33:58.553256] Loading base cache (4.1 MB, 1 days old)... 
[2026-04-10 09:33:58.686685] Base cache loaded 
[2026-04-10 09:33:58.687355] 05 — Refreshing season stats (MLB API + FanGraphs)... 
[2026-04-10 09:34:55.728791] 05 — stats refresh complete 
[2026-04-10 09:34:55.730916] 03 — Refreshing rosters... 
[2026-04-10 09:35:43.192981] 03 — rosters complete 
[2026-04-10 09:35:43.194533] 04 — Building game context... 
[2026-04-10 09:35:58.621093] 04 — game context complete 
[2026-04-10 09:35:58.621925] 06 — Building player context... 
[2026-04-10 09:36:42.843277] 06 — player context complete 
[2026-04-10 09:36:42.843947] 07 — Building bullpen context... 
[2026-04-10 09:37:45.160647] 07 — bullpen context complete 
[2026-04-10 09:37:45.161402] 08 — Building game model... 
[2026-04-10 09:37:45.502714] 08 — game model complete 
[2026-04-10 09:37:46.033856] Pipeline cache saved — 27 objects | 3.5 MB 
[2026-04-10 09:37:46.034512] Daily pipeline complete 
[2026-04-10 15:38:30.947831] Pipeline configuration loaded 
[2026-04-10 15:38:30.981234] Loading base cache (4.1 MB, 1 days old)... 
[2026-04-10 15:38:31.449081] Base cache loaded 
[2026-04-10 15:38:31.456569] 05 — Refreshing season stats (MLB API + FanGraphs)... 
[2026-04-10 15:39:33.41293] 05 — stats refresh complete 
[2026-04-10 15:39:33.415434] 03 — Refreshing rosters... 
[2026-04-10 15:40:22.055648] 03 — rosters complete 
[2026-04-10 15:40:22.057172] 04 — Building game context... 
[2026-04-10 15:40:37.776601] 04 — game context complete 
[2026-04-10 15:40:37.777386] 06 — Building player context... 
[2026-04-10 15:41:24.111863] 06 — player context complete 
[2026-04-10 15:41:24.112579] 07 — Building bullpen context... 
[2026-04-10 15:42:25.008062] 07 — bullpen context complete 
[2026-04-10 15:42:25.009064] 08 — Building game model... 
[2026-04-10 15:42:25.447022] 08 — game model complete 
[2026-04-10 15:42:25.966238] Pipeline cache saved — 28 objects | 3.5 MB 
[2026-04-10 15:42:25.966863] Daily pipeline complete 
